create new web module that aggregates all existing module, move integration test into this module,
chanage comment of jpa_component_module, it must inlcude only unit tests
database module update, cdi bean add, test with integration tests
User jar instead of war for integration tests,
search for by 'merge' in:
https://developer.jboss.org/thread/237174?start=0&tstart=0
boundary_module, it should be a rest, why we need it? it is in jpa_web_module should be
rename tests to IT
implement database module, add into integration test logic from it
add update logic with testing in all layers
add delete logic
use transoformers to avoid lazy exceptions
Named qury to select entities
Named query to update entities
create entity with all possible fields
create entity with enums to see all ways
parent-child relationship
parent-collections relationship
add store procedure example , it must be recreated after each db update
add script to be able to run liquibase changeset more than one time, you apply it, you edit it, you apply it again
move documentation from database_module to google drive
fix warnings during build:
Warning:java: Supported source version 'RELEASE_6' from annotation processor 'org.eclipse.sisu.space.SisuIndexAPT6' less than -source '1.8'
/home/alexandr/projects/jpa/jpa_repository_module/src/main/java/com/savdev/jpa/repository/UserRepositoryServiceBean.java
Information:java: Some input files use unchecked or unsafe operations.
Information:java: Recompile with -Xlint:unchecked for details.

think about using cdi without container, what really will change? add integration tests for it.